/home/tilir/pcaa/software/pbqp/pbqp.cpp:1189:8:void {anonymous}::Solver::EnumerateActiveCore(pbqp_problem_t&, unsigned int, unsigned int*, pbqp_solution_t*, bool*, bool*) const	96	static
/home/tilir/pcaa/software/pbqp/pbqp.cpp:1716:5:int {anonymous}::SoftwareMap3Project(void*, pbqp_vector_view_t, pbqp_vector_view_t, pbqp_matrix_view_t, accel_min_argmin_result_t*)	144	static
/home/tilir/pcaa/software/pbqp/pbqp.cpp:1751:5:int {anonymous}::SoftwareMap3ProjectBatch(void*, const pbqp_map3_project_job_t*, size_t)	160	static
/home/tilir/pcaa/software/pbqp/pbqp.cpp:1696:5:int {anonymous}::SoftwareMinplusProject(void*, pbqp_matrix_view_t, pbqp_vector_view_t, int32_t*)	144	static
/home/tilir/pcaa/software/pbqp/pbqp.cpp:1678:5:int {anonymous}::SoftwareCostAddVector(void*, pbqp_vector_view_t, pbqp_vector_view_t, int32_t*)	96	static
/home/tilir/pcaa/software/pbqp/pbqp.cpp:1740:5:int {anonymous}::SoftwareProjectAddBatch(void*, const pbqp_project_add_job_t*, size_t)	208	static
/home/tilir/pcaa/software/pbqp/pbqp.cpp:1648:5:int {anonymous}::SoftwareMin2Value(void*, pbqp_vector_view_t, pbqp_vector_view_t, int32_t*)	80	static
/home/tilir/pcaa/software/pbqp/pbqp.cpp:1662:5:int {anonymous}::SoftwareMin2ValueBatch(void*, const pbqp_min2_value_job_t*, size_t)	112	static
/home/tilir/pcaa/software/pbqp/pbqp.cpp:1621:5:int {anonymous}::SoftwareMin3(void*, pbqp_vector_view_t, pbqp_vector_view_t, pbqp_vector_view_t, accel_min_argmin_result_t*)	96	static
/home/tilir/pcaa/software/pbqp/pbqp.cpp:1670:5:int {anonymous}::SoftwareMin3Batch(void*, const pbqp_min3_job_t*, size_t)	144	static
/home/tilir/pcaa/software/pbqp/pbqp.cpp:1604:5:int {anonymous}::SoftwareMin2(void*, pbqp_vector_view_t, pbqp_vector_view_t, accel_min_argmin_result_t*)	80	static
/home/tilir/pcaa/software/pbqp/pbqp.cpp:1640:5:int {anonymous}::SoftwareMin2Batch(void*, const pbqp_min2_job_t*, size_t)	112	static
/home/tilir/pcaa/software/pbqp/pbqp.cpp:1551:8:void {anonymous}::Solver::ReconstructSolution(const pbqp_problem_t&, pbqp_solution_t*) const	80	static
/home/tilir/pcaa/software/pbqp/pbqp.cpp:166:7:int {anonymous}::Graph::SelectRnNode(pbqp_rn_policy_t) const	96	static
/home/tilir/pcaa/software/pbqp/pbqp.cpp:492:8:0({anonymous}::Graph&, pbqp_trace_event_type_t, pbqp_trace_phase_t, int, int, uint64_t, uint64_t, uint64_t, uint64_t, uint64_t, unsigned int, unsigned int, uint64_t, uint64_t, unsigned int) const	224	static
/home/tilir/pcaa/software/pbqp/pbqp.cpp:968:17:pbqp_status_t {anonymous}::Solver::ReduceR0({anonymous}::Graph&, unsigned int) const	144	static
/home/tilir/pcaa/software/pbqp/pbqp.cpp:745:17:pbqp_status_t {anonymous}::Solver::ConditionNode({anonymous}::Graph&, unsigned int, unsigned int, {anonymous}::ReductionKind) const	304	static
/home/tilir/pcaa/software/pbqp/pbqp.cpp:992:17:pbqp_status_t {anonymous}::Solver::ReduceR1({anonymous}::Graph&, unsigned int, int) const	464	static
/home/tilir/pcaa/software/pbqp/pbqp.cpp:1048:17:pbqp_status_t {anonymous}::Solver::ReduceR2({anonymous}::Graph&, unsigned int, int, int) const	496	static
/home/tilir/pcaa/software/pbqp/pbqp.cpp:1373:17:pbqp_status_t {anonymous}::Solver::SolveBranchAndReduce(pbqp_problem_t*, pbqp_solution_t*, unsigned int, SearchControl*, int32_t) const	3072	static
/home/tilir/pcaa/software/pbqp/pbqp.cpp:1764:15:pbqp_status_t pbqp_add_node(pbqp_problem_t*, unsigned int, const int32_t*)	0	static
/home/tilir/pcaa/software/pbqp/pbqp.cpp:1787:15:pbqp_status_t pbqp_add_edge(pbqp_problem_t*, unsigned int, unsigned int, const int32_t*)	16	static
/home/tilir/pcaa/software/pbqp/pbqp.cpp:1831:9:int32_t pbqp_evaluate(const pbqp_problem_t*, const unsigned int*)	48	static
/home/tilir/pcaa/software/pbqp/pbqp.cpp:1585:6:void {anonymous}::Enumerate(const pbqp_problem_t&, unsigned int, unsigned int*, pbqp_solution_t*, bool*)	80	static
/home/tilir/pcaa/software/pbqp/pbqp.cpp:615:17:pbqp_status_t {anonymous}::Solver::RunLocalDescent(pbqp_problem_t&, unsigned int*, pbqp_solution_t*) const	512	static
/home/tilir/pcaa/software/pbqp/pbqp.cpp:353:17:pbqp_status_t {anonymous}::Solver::Solve(pbqp_problem_t*, pbqp_solution_t*) const	1616	static
/home/tilir/pcaa/software/pbqp/pbqp.cpp:1846:9:int32_t pbqp_max_finite_cost(const pbqp_problem_t*)	0	static
/home/tilir/pcaa/software/pbqp/pbqp.cpp:1855:15:pbqp_status_t pbqp_bruteforce(const pbqp_problem_t*, pbqp_solution_t*)	80	static
/home/tilir/pcaa/software/pbqp/pbqp.cpp:1869:6:void pbqp_make_software_kernel(pbqp_cost_kernel_t*, pbqp_statistics_t*)	0	static
/home/tilir/pcaa/software/pbqp/pbqp.cpp:1885:22:pbqp_solver_config_t pbqp_solver_default_config()	0	static
/home/tilir/pcaa/software/pbqp/pbqp.cpp:1894:15:pbqp_status_t pbqp_solver_create(pbqp_solver_t*, pbqp_mode_t, const pbqp_cost_kernel_t*)	48	static
/home/tilir/pcaa/software/pbqp/pbqp.cpp:1900:15:pbqp_status_t pbqp_solver_create_with_config(pbqp_solver_t*, pbqp_mode_t, const pbqp_cost_kernel_t*, const pbqp_solver_config_t*)	0	static
/home/tilir/pcaa/software/pbqp/pbqp.cpp:1917:15:pbqp_status_t pbqp_solver_solve(pbqp_solver_t*, pbqp_problem_t*, pbqp_solution_t*)	144	static
/home/tilir/pcaa/software/pbqp/pbqp.cpp:1931:15:pbqp_status_t pcaa::pbqp::SolveWithExecution(pbqp_solver_t&, pbqp_problem_t&, pbqp_solution_t&, const Execution&)	128	static
