/home/tilir/pcaa/software/pbqp/pbqp_accelerator.c:73:23:batch_contiguous	0	static
/home/tilir/pcaa/software/pbqp/pbqp_accelerator.c:307:13:accel_set_statistics	32	static
/home/tilir/pcaa/software/pbqp/pbqp_accelerator.c:233:22:map3_project_command	320	static
/home/tilir/pcaa/software/pbqp/pbqp_accelerator.c:19:12:submit_batch	64	static
/home/tilir/pcaa/software/pbqp/pbqp_accelerator.c:217:22:project_command	256	static
/home/tilir/pcaa/software/pbqp/pbqp_accelerator.c:226:22:add_vector_command	224	static
/home/tilir/pcaa/software/pbqp/pbqp_accelerator.c:154:12:accel_min2_batch	224	static
/home/tilir/pcaa/software/pbqp/pbqp_accelerator.c:27:12:submit_reduce2	288	static
/home/tilir/pcaa/software/pbqp/pbqp_accelerator.c:174:12:accel_min3_batch	288	static
/home/tilir/pcaa/software/pbqp/pbqp_accelerator.c:292:12:accel_map3_project_batch	176	static
/home/tilir/pcaa/software/pbqp/pbqp_accelerator.c:262:12:accel_map3_project	144	static
/home/tilir/pcaa/software/pbqp/pbqp_accelerator.c:272:12:accel_project_add_batch	224	static
/home/tilir/pcaa/software/pbqp/pbqp_accelerator.c:196:12:accel_min2_value_batch	224	static
/home/tilir/pcaa/software/pbqp/pbqp_accelerator.c:244:12:accel_cost_add_vector	80	static
/home/tilir/pcaa/software/pbqp/pbqp_accelerator.c:253:12:accel_minplus_project	96	static
/home/tilir/pcaa/software/pbqp/pbqp_accelerator.c:127:12:accel_min2	0	static
/home/tilir/pcaa/software/pbqp/pbqp_accelerator.c:144:12:accel_min2_value	0	static
/home/tilir/pcaa/software/pbqp/pbqp_accelerator.c:135:12:accel_min3	352	static
/home/tilir/pcaa/software/pbqp/pbqp_accelerator.c:316:6:pbqp_make_accelerator_kernel	0	static
