native 1/491 001-instcombine-foldaddtoashr-n87-d16.pbqp
native 11/491 011-instcombine-checkfornegativeoperand-n193-d16-r1.pbqp
native 21/491 021-instcombine-faddcombine-simplify-n54-d16.pbqp
native 31/491 031-instcombine-selectinst-create-n8-d15-r1.pbqp
native 41/491 041-instcombine-densemapbase-lookuporinsertintobucke-n24-d16.pbqp
native 51/491 051-instcombine-patternmatch-match-n11-d16.pbqp
native 61/491 061-instcombine-patternmatch-match-n9-d16.pbqp
native 71/491 071-instcombine-patternmatch-match-n10-d16.pbqp
native 81/491 081-instcombine-patternmatch-match-n14-d16.pbqp
native 91/491 091-instcombine-patternmatch-match-n14-d16.pbqp
native 101/491 101-instcombine-patternmatch-match-n9-d16.pbqp
native 111/491 111-instcombine-patternmatch-match-n9-d16.pbqp
native 121/491 121-instcombine-irbuilderbase-createurem-n12-d16.pbqp
native 131/491 131-instcombine-irbuilderbase-createfsubfmf-n16-d16.pbqp
native 141/491 141-instcombine-irbuilderbase-createnot-n13-d16.pbqp
native 151/491 151-instcombine-instcombinerimpl-folddivceil-n79-d16.pbqp
native 161/491 161-instcombine-instcombinerimpl-optimizepointerdiff-n95-d16.pbqp
native 171/491 171-instcombine-instcombinerimpl-visitfneg-n118-d17.pbqp
native 181/491 181-instcombine-apint-gethighbitsset-n5-d15.pbqp
native 191/491 191-instcombine-llvm-operator-n5-d16.pbqp
native 201/491 201-instcombine-oneuse-match-match-n16-d16.pbqp
native 211/491 211-instcombine-binaryop-match-match-n19-d16.pbqp
native 221/491 221-instcombine-binaryop-match-match-n27-d16.pbqp
native 231/491 231-instcombine-binaryop-match-match-n33-d16.pbqp
native 241/491 241-instcombine-binaryop-match-match-n17-d16.pbqp
native 251/491 251-instcombine-castinst-match-match-n19-d16.pbqp
native 261/491 261-instcombine-cstval-pred-ty-matchvector-n15-d16.pbqp
native 271/491 271-instcombine-anybinaryop-match-match-n32-d16.pbqp
native 281/491 281-instcombine-overflowingbinaryop-match-match-n20-d16.pbqp
native 291/491 291-instcombine-match-combine-or-match-n16-d16.pbqp
native 301/491 301-instcombine-apint-isnegatedpowerof2-n11-d16.pbqp
native 311/491 311-instcombine-3-operator-n27-d16-r1.pbqp
native 321/491 321-mbb-slotindexes-insertmbbinmaps-n25-d17.pbqp
native 331/491 331-mbb-densemapbase-lookupbucketfor-n15-d16.pbqp
native 341/491 341-mbb-ilist-traits-transfernodesfromlist-n5-d16.pbqp
native 351/491 351-mbb-machinebasicblock-remove-instr-n9-d16.pbqp
native 361/491 361-mbb-machinebasicblock-removesuccessor-n11-d16.pbqp
native 371/491 371-mbb-machinebasicblock-rfindprevdebugloc-n6-d16.pbqp
native 381/491 381-mbb-machinebasicblock-replaceusesofblock-n15-d16.pbqp
native 391/491 391-mbb-machinebasicblock-insert-n10-d16.pbqp
native 401/491 401-mbb-ilist-callback-traits-addnodetolist-n15-d16.pbqp
native 411/491 411-mbb-opt-opt-n7-d16.pbqp
native 421/491 421-mbb-machinebasicblock-getfullname-abi-cx-n35-d16.pbqp
native 431/491 431-mbb-machinebasicblock-hasehpadsuccessor-n7-d16.pbqp
native 441/491 441-mbb-machinebasicblock-getprobabilityiter-n2-d16.pbqp
native 451/491 451-mbb-machinebasicblock-islivein-n8-d16.pbqp
native 461/491 461-mbb-rb-tree-m-erase-n4-d15.pbqp
native 471/491 471-cudd-addabs-cudd-addorabstract-n10-d16.pbqp
native 481/491 481-cudd-bddabs-cudd-bddexistabstractlimit-n13-d16.pbqp
native 491/491 491-cudd-bddabs-cuddbddxorexistabstractrecur-n53-d16-r1.pbqp
models 1/491 001-instcombine-foldaddtoashr-n87-d16.pbqp
models 11/491 011-instcombine-checkfornegativeoperand-n193-d16-r1.pbqp
models 21/491 021-instcombine-faddcombine-simplify-n54-d16.pbqp
models 31/491 031-instcombine-selectinst-create-n8-d15-r1.pbqp
models 41/491 041-instcombine-densemapbase-lookuporinsertintobucke-n24-d16.pbqp
models 51/491 051-instcombine-patternmatch-match-n11-d16.pbqp
models 61/491 061-instcombine-patternmatch-match-n9-d16.pbqp
models 71/491 071-instcombine-patternmatch-match-n10-d16.pbqp
models 81/491 081-instcombine-patternmatch-match-n14-d16.pbqp
models 91/491 091-instcombine-patternmatch-match-n14-d16.pbqp
models 101/491 101-instcombine-patternmatch-match-n9-d16.pbqp
models 111/491 111-instcombine-patternmatch-match-n9-d16.pbqp
models 121/491 121-instcombine-irbuilderbase-createurem-n12-d16.pbqp
models 131/491 131-instcombine-irbuilderbase-createfsubfmf-n16-d16.pbqp
models 141/491 141-instcombine-irbuilderbase-createnot-n13-d16.pbqp
models 151/491 151-instcombine-instcombinerimpl-folddivceil-n79-d16.pbqp
models 161/491 161-instcombine-instcombinerimpl-optimizepointerdiff-n95-d16.pbqp
models 171/491 171-instcombine-instcombinerimpl-visitfneg-n118-d17.pbqp
models 181/491 181-instcombine-apint-gethighbitsset-n5-d15.pbqp
models 191/491 191-instcombine-llvm-operator-n5-d16.pbqp
models 201/491 201-instcombine-oneuse-match-match-n16-d16.pbqp
models 211/491 211-instcombine-binaryop-match-match-n19-d16.pbqp
models 221/491 221-instcombine-binaryop-match-match-n27-d16.pbqp
models 231/491 231-instcombine-binaryop-match-match-n33-d16.pbqp
models 241/491 241-instcombine-binaryop-match-match-n17-d16.pbqp
models 251/491 251-instcombine-castinst-match-match-n19-d16.pbqp
models 261/491 261-instcombine-cstval-pred-ty-matchvector-n15-d16.pbqp
models 271/491 271-instcombine-anybinaryop-match-match-n32-d16.pbqp
models 281/491 281-instcombine-overflowingbinaryop-match-match-n20-d16.pbqp
models 291/491 291-instcombine-match-combine-or-match-n16-d16.pbqp
models 301/491 301-instcombine-apint-isnegatedpowerof2-n11-d16.pbqp
models 311/491 311-instcombine-3-operator-n27-d16-r1.pbqp
models 321/491 321-mbb-slotindexes-insertmbbinmaps-n25-d17.pbqp
models 331/491 331-mbb-densemapbase-lookupbucketfor-n15-d16.pbqp
models 341/491 341-mbb-ilist-traits-transfernodesfromlist-n5-d16.pbqp
models 351/491 351-mbb-machinebasicblock-remove-instr-n9-d16.pbqp
models 361/491 361-mbb-machinebasicblock-removesuccessor-n11-d16.pbqp
models 371/491 371-mbb-machinebasicblock-rfindprevdebugloc-n6-d16.pbqp
models 381/491 381-mbb-machinebasicblock-replaceusesofblock-n15-d16.pbqp
models 391/491 391-mbb-machinebasicblock-insert-n10-d16.pbqp
models 401/491 401-mbb-ilist-callback-traits-addnodetolist-n15-d16.pbqp
models 411/491 411-mbb-opt-opt-n7-d16.pbqp
models 421/491 421-mbb-machinebasicblock-getfullname-abi-cx-n35-d16.pbqp
models 431/491 431-mbb-machinebasicblock-hasehpadsuccessor-n7-d16.pbqp
models 441/491 441-mbb-machinebasicblock-getprobabilityiter-n2-d16.pbqp
models 451/491 451-mbb-machinebasicblock-islivein-n8-d16.pbqp
models 461/491 461-mbb-rb-tree-m-erase-n4-d15.pbqp
models 471/491 471-cudd-addabs-cudd-addorabstract-n10-d16.pbqp
models 481/491 481-cudd-bddabs-cudd-bddexistabstractlimit-n13-d16.pbqp
models 491/491 491-cudd-bddabs-cuddbddxorexistabstractrecur-n53-d16-r1.pbqp
complete; regenerate and verify with scripts/cpu_baseline_report.rb
